// Jest Snapshot v1, https://goo.gl/fbAQLP

exports[`BarCard matches snapshot 1`] = `
<DocumentFragment>
  <div
    class="css-r9fvba"
  >
    <div
      class="css-k008qs"
    >
      <div
        class="css-1yedpn7"
      >
        <img
          alt="New Bar"
          class="css-fvjslx"
        />
      </div>
      <div
        class="css-1krclqf"
      >
        <div
          class="css-olfvu0"
        >
          <div
            class="css-2solk2"
          >
            1 deal
          </div>
        </div>
        <div
          class="css-iqhso7"
        >
          New Bar
        </div>
        <div
          class="css-70qvj9"
        >
          <svg
            class="css-m8rcw7"
            stroke-linecap="square"
            viewBox="0 0 24 24"
            xmlns="http://www.w3.org/2000/svg"
          >
            <path
              d="M12 21c4-4.2 6-8.2 6-12A6 6 0 106 9c0 3.8 2 7.8 6 12z"
            />
            <circle
              cx="12"
              cy="9"
              r="1"
            />
          </svg>
          <p
            class="css-1p91w30"
          >
            123 Park Dr.
          </p>
        </div>
      </div>
    </div>
  </div>
</DocumentFragment>
`;
